==============================================================================
批量飞行器多视角标定数据 - VGGT 推理
  源目录 : E:\0_work\suanfa\vggt\download\extracted
  输出   : E:\0_work\1shijian\Software_testing\output
  权重   : E:\0_work\1shijian\model.pt
  抽样   : stratified  上限 16 帧
  数据集 : ['airbus', 'f51d_mustang_6_25', 'il86', 'littlebird', 's39', 'se210', 'wessex']
==============================================================================
[11:23:10] ======================================================================
[11:23:10] 数据集 airbus
[11:23:10]   源目录 : E:\0_work\suanfa\vggt\download\extracted\airbus_multiview
[11:23:10]   输出   : E:\0_work\1shijian\Software_testing\output\airbus
[11:23:10]   抽样   : stratified  上限 16 帧
[11:23:10] ======================================================================
[11:23:14] [输入] 源目录共 196 帧
[11:23:14] [抽样] stratified -> 保留 16 帧
[11:23:14]   球面覆盖: 俯仰 -86.3..79.0° (14/18 层)  方位 8/36 扇区
[11:23:24] [模型] 加载完成 9.3s (fp32 + autocast bf16)
[11:23:24] [输入] 张量形状 (16, 3, 518, 518)
[11:25:26] [推理] 完成 122.4s，峰值显存 10.66 GB
[11:25:27] [反投影] 由深度图计算世界坐标 ...
[11:25:27] [保存] predictions.npz 196.5 MB
[11:25:28] [深度图] 16 张 -> E:\0_work\1shijian\Software_testing\output\airbus\depth
[11:25:28] [指标] 无真值自洽性 ...
[11:25:28] [指标] 真值位姿 ...
[11:25:28]   GT 相对旋转 mean=111.86° 中位=114.79° AUC@30=0.0
[11:25:28]   GT 相对平移 mean=121.47% RTA@15=1.7%
[11:25:28]   GT 焦距 真值=625.3px 预测=0.7px 误差=99.88%
[11:25:28]   G1 相对=2.419%  G4 NCC=0.7018217384161242
[11:25:28] [完成] 总耗时 137.9s
[11:25:28] ======================================================================
[11:25:28] 数据集 f51d_mustang_6_25
[11:25:28]   源目录 : E:\0_work\suanfa\vggt\download\extracted\f51d_mustang_6_25_multiview
[11:25:28]   输出   : E:\0_work\1shijian\Software_testing\output\f51d_mustang_6_25
[11:25:28]   抽样   : stratified  上限 16 帧
[11:25:28] ======================================================================
[11:25:28] [输入] 源目录共 196 帧
[11:25:28] [抽样] stratified -> 保留 16 帧
[11:25:28]   球面覆盖: 俯仰 -86.3..79.0° (14/18 层)  方位 8/36 扇区
[11:25:37] [模型] 加载完成 8.6s (fp32 + autocast bf16)
[11:25:37] [输入] 张量形状 (16, 3, 518, 518)
[11:26:59] [推理] 完成 82.5s，峰值显存 10.65 GB
[11:27:00] [反投影] 由深度图计算世界坐标 ...
[11:27:00] [保存] predictions.npz 196.5 MB
[11:27:01] [深度图] 16 张 -> E:\0_work\1shijian\Software_testing\output\f51d_mustang_6_25\depth
[11:27:01] [指标] 无真值自洽性 ...
[11:27:01] [指标] 真值位姿 ...
[11:27:01]   GT 相对旋转 mean=111.73° 中位=115.18° AUC@30=0.0
[11:27:01]   GT 相对平移 mean=125.12% RTA@15=0.8%
[11:27:01]   GT 焦距 真值=625.3px 预测=0.7px 误差=99.88%
[11:27:01]   G1 相对=1.842%  G4 NCC=0.7598155604859061
[11:27:01] [完成] 总耗时 93.1s
[11:27:01] ======================================================================
[11:27:01] 数据集 il86
[11:27:01]   源目录 : E:\0_work\suanfa\vggt\download\extracted\il86_multiview
[11:27:01]   输出   : E:\0_work\1shijian\Software_testing\output\il86
[11:27:01]   抽样   : stratified  上限 16 帧
[11:27:01] ======================================================================
[11:27:01] [输入] 源目录共 196 帧
[11:27:01] [抽样] stratified -> 保留 16 帧
[11:27:01]   球面覆盖: 俯仰 -86.3..86.3° (15/18 层)  方位 8/36 扇区
[11:27:09] [模型] 加载完成 8.2s (fp32 + autocast bf16)
[11:27:10] [输入] 张量形状 (16, 3, 518, 518)
[11:34:01] [推理] 完成 411.8s，峰值显存 10.65 GB
[11:34:02] [反投影] 由深度图计算世界坐标 ...
[11:34:03] [保存] predictions.npz 196.5 MB
[11:34:03] [深度图] 16 张 -> E:\0_work\1shijian\Software_testing\output\il86\depth
[11:34:03] [指标] 无真值自洽性 ...
[11:34:04] [指标] 真值位姿 ...
[11:34:04]   GT 相对旋转 mean=111.67° 中位=115.61° AUC@30=0.0
[11:34:04]   GT 相对平移 mean=124.48% RTA@15=0.0%
[11:34:04]   GT 焦距 真值=625.3px 预测=0.7px 误差=99.89%
[11:34:04]   G1 相对=3.059%  G4 NCC=0.7527454045908263
[11:34:04] [完成] 总耗时 422.3s
[11:34:04] ======================================================================
[11:34:04] 数据集 littlebird
[11:34:04]   源目录 : E:\0_work\suanfa\vggt\download\extracted\littlebird_multiview
[11:34:04]   输出   : E:\0_work\1shijian\Software_testing\output\littlebird
[11:34:04]   抽样   : stratified  上限 16 帧
[11:34:04] ======================================================================
[11:34:04] [输入] 源目录共 196 帧
[11:34:04] [抽样] stratified -> 保留 16 帧
[11:34:04]   球面覆盖: 俯仰 -86.3..86.3° (15/18 层)  方位 8/36 扇区
[11:34:13] [模型] 加载完成 9.3s (fp32 + autocast bf16)
[11:34:13] [输入] 张量形状 (16, 3, 518, 518)
[11:35:13] [推理] 完成 60.2s，峰值显存 10.65 GB
[11:35:14] [反投影] 由深度图计算世界坐标 ...
[11:35:14] [保存] predictions.npz 196.5 MB
[11:35:15] [深度图] 16 张 -> E:\0_work\1shijian\Software_testing\output\littlebird\depth
[11:35:15] [指标] 无真值自洽性 ...
[11:35:15] [指标] 真值位姿 ...
[11:35:15]   GT 相对旋转 mean=111.71° 中位=114.90° AUC@30=0.0
[11:35:15]   GT 相对平移 mean=121.21% RTA@15=0.8%
[11:35:15]   GT 焦距 真值=625.3px 预测=0.7px 误差=99.89%
[11:35:15]   G1 相对=1.690%  G4 NCC=0.6510427501485341
[11:35:15] [完成] 总耗时 71.7s
[11:35:15] ======================================================================
[11:35:15] 数据集 s39
[11:35:15]   源目录 : E:\0_work\suanfa\vggt\download\extracted\s39_multiview
[11:35:15]   输出   : E:\0_work\1shijian\Software_testing\output\s39
[11:35:15]   抽样   : stratified  上限 16 帧
[11:35:15] ======================================================================
[11:35:15] [输入] 源目录共 196 帧
[11:35:15] [抽样] stratified -> 保留 16 帧
[11:35:15]   球面覆盖: 俯仰 -86.3..86.3° (15/18 层)  方位 8/36 扇区
[11:35:24] [模型] 加载完成 8.4s (fp32 + autocast bf16)
[11:35:24] [输入] 张量形状 (16, 3, 518, 518)
